query url : https://www.youtube.com/watch?v=8SfbFwMpsRw&disable_polymer=1
got response 
suceess query
query url : https://youtube.com/s/player/39dd62a0/player_ias.vflset/en_GB/base.js
got response 
suceess query
encrypted_sig: "ROqpOq0QJ8w0QIhAJb5mcWV-eCtwWpjMjuo845uIq39-qaa4RMiNAJ-C_JvAiAfUkrmahLwSAFZtKpP22pWjsqvgKqE3fnWB9N-3BCmkg===="
decryption_code "var Fw={AU:function(a){a.reverse()},bk:function(a,b){var c=a[0];a[0]=a[b%a.length];a[b%a.length]=c},TY:function(a,b){a.splice(0,b)}};var Gw=function(a){a=a.split(\"\");Fw.bk(a,11);Fw.bk(a,29);Fw.TY(a,3);Fw.bk(a,69);Fw.AU(a,36);Fw.TY(a,2);Fw.AU(a,22);return a.join(\"\")};function decrypt(a){return Gw(a);}"
jscode 
var Fw={AU:function(a){a.reverse()},bk:function(a,b){var c=a[0];a[0]=a[b%a.length];a[b%a.length]=c},TY:function(a,b){a.splice(0,b)}};var Gw=function(a){a=a.split("");Fw.bk(a,11);Fw.bk(a,29);Fw.TY(a,3);Fw.bk(a,69);Fw.AU(a,36);Fw.TY(a,2);Fw.AU(a,22);return a.join("")};function decrypt(a){return Gw(a);};decrypt("ROqpOq0QJ8w0QIhAJb5mcWV-eCtwWpjMjuo845uIq39-qaa4RMiNAJ-C_JvAiAfUkrmahLwSAFZtKpP22pWjsqvgKqE3fnWB9N-3BCmkg====")
JS result: AOq0QJ8wRQIhAJb5mcWV-eCtwW0jMjuo845uIq39-qaa4RMiNAJ-C_JvAiAfUkrmahLwSpFZtKpP22pWjsqvgKqE3fnWB9N-3BCmkg==AUDIO/VIDEO STREAMS 

[
    StreamItem {
        url: Some(
            "https://r6---sn-qxa7sn7z.googlevideo.com/videoplayback?expire=1591411155&ei=c63aXr-WFtSOvQSYiJZY&ip=113.193.220.168&id=o-AMnMDZ_VurDFEXk8O-61YX41L07kPK0kIc78XNWqbYYW&itag=18&source=youtube&requiressl=yes&mh=Ko&mm=31%2C26&mn=sn-qxa7sn7z%2Csn-cvh76nek&ms=au%2Conr&mv=m&mvi=5&pl=24&gcr=in&initcwndbps=593750&vprv=1&mime=video%2Fmp4&gir=yes&clen=7959406&ratebypass=yes&dur=274.390&lmt=1575362036596654&mt=1591389456&fvip=1&c=WEB&txp=5431432&sparams=expire%2Cei%2Cip%2Cid%2Citag%2Csource%2Crequiressl%2Cgcr%2Cvprv%2Cmime%2Cgir%2Cclen%2Cratebypass%2Cdur%2Clmt&lsparams=mh%2Cmm%2Cmn%2Cms%2Cmv%2Cmvi%2Cpl%2Cinitcwndbps&lsig=AG3C_xAwRQIhAPSAX9Hgr3KshHHg9Vr7__6DWvbvSx0FI3PyfKOS3RyyAiA99P1IzIMzQhX3vAmAgOEHNpgLuCn96jCUwP5gtSHQzw%3D%3D&sig=AOq0QJ8wRQIhAJb5mcWV-eCtwW0jMjuo845uIq39-qaa4RMiNAJ-C_JvAiAfUkrmahLwSpFZtKpP22pWjsqvgKqE3fnWB9N-3BCmkg==",
        ),
        itag: 18,
        approxDurationMs: "274390",
        audioChannels: Some(
            2,
        ),
        audioQuality: Some(
            "AUDIO_QUALITY_LOW",
        ),
        audioSampleRate: Some(
            "44100",
        ),
        averageBitrate: Some(
            232061,
        ),
        bitrate: 232120,
        contentLength: Some(
            "7959406",
        ),
        height: Some(
            360,
        ),
        width: Some(
            360,
        ),
        quality: "medium",
        qualityLabel: Some(
            "360p",
        ),
        lastModified: "1575362036596654",
        mimeType: "video/mp4; codecs=\"avc1.42001E, mp4a.40.2\"",
    },
]
encrypted_sig: "ROqjOq0QJ8wkAIgU-S6dh211GnnWOjveqDTbAaoqJYM-S1tp6GmwCLWq2ECIEv35LUNkewixATqkYAPw9-_iEM3X07m6eBcTY-LSE0z0z"
decryption_code "var Fw={AU:function(a){a.reverse()},bk:function(a,b){var c=a[0];a[0]=a[b%a.length];a[b%a.length]=c},TY:function(a,b){a.splice(0,b)}};var Gw=function(a){a=a.split(\"\");Fw.bk(a,11);Fw.bk(a,29);Fw.TY(a,3);Fw.bk(a,69);Fw.AU(a,36);Fw.TY(a,2);Fw.AU(a,22);return a.join(\"\")};function decrypt(a){return Gw(a);}"
jscode 
var Fw={AU:function(a){a.reverse()},bk:function(a,b){var c=a[0];a[0]=a[b%a.length];a[b%a.length]=c},TY:function(a,b){a.splice(0,b)}};var Gw=function(a){a=a.split("");Fw.bk(a,11);Fw.bk(a,29);Fw.TY(a,3);Fw.bk(a,69);Fw.AU(a,36);Fw.TY(a,2);Fw.AU(a,22);return a.join("")};function decrypt(a){return Gw(a);};decrypt("ROqjOq0QJ8wkAIgU-S6dh211GnnWOjveqDTbAaoqJYM-S1tp6GmwCLWq2ECIEv35LUNkewixATqkYAPw9-_iEM3X07m6eBcTY-LSE0z0z")
JS result: AOq0QJ8wRAIgU-S6dh211GnnWOkveqDTbAaoqJYM-S1tp6GmwCLWq2ECIEv35LUNkewixjTqkYAPw9-_iEM3X07m6eBcTY-LSE0zencrypted_sig: "ROq9Oq0QJ8wWQIgDmimShw38Dtomx9Ru2iTSwMR2D5u0__WNnb-ZDKyH50CIQDRYXnHXJaoGAcRUfNYJbW_qVwV7xzWSQQc2kDy9xE2JQ===="
decryption_code "var Fw={AU:function(a){a.reverse()},bk:function(a,b){var c=a[0];a[0]=a[b%a.length];a[b%a.length]=c},TY:function(a,b){a.splice(0,b)}};var Gw=function(a){a=a.split(\"\");Fw.bk(a,11);Fw.bk(a,29);Fw.TY(a,3);Fw.bk(a,69);Fw.AU(a,36);Fw.TY(a,2);Fw.AU(a,22);return a.join(\"\")};function decrypt(a){return Gw(a);}"
jscode 
var Fw={AU:function(a){a.reverse()},bk:function(a,b){var c=a[0];a[0]=a[b%a.length];a[b%a.length]=c},TY:function(a,b){a.splice(0,b)}};var Gw=function(a){a=a.split("");Fw.bk(a,11);Fw.bk(a,29);Fw.TY(a,3);Fw.bk(a,69);Fw.AU(a,36);Fw.TY(a,2);Fw.AU(a,22);return a.join("")};function decrypt(a){return Gw(a);};decrypt("ROq9Oq0QJ8wWQIgDmimShw38Dtomx9Ru2iTSwMR2D5u0__WNnb-ZDKyH50CIQDRYXnHXJaoGAcRUfNYJbW_qVwV7xzWSQQc2kDy9xE2JQ====")
JS result: AOq0QJ8wRQIgDmimShw38DtomxWRu2iTSwMR2D5u0__WNnb-ZDKyH50CIQDRYXnHXJaoG9cRUfNYJbW_qVwV7xzWSQQc2kDy9xE2JQ==encrypted_sig: "ROqBOq0QJ8wnQIhAKAjlZEZvevP2TB38wKOloQbxQS_BDLEVCFGWbR_zNWHAiAsxd76EjdqDAhRCIYNEZ3O70sWSQozSfWvMqm3Z0cNhA===="
decryption_code "var Fw={AU:function(a){a.reverse()},bk:function(a,b){var c=a[0];a[0]=a[b%a.length];a[b%a.length]=c},TY:function(a,b){a.splice(0,b)}};var Gw=function(a){a=a.split(\"\");Fw.bk(a,11);Fw.bk(a,29);Fw.TY(a,3);Fw.bk(a,69);Fw.AU(a,36);Fw.TY(a,2);Fw.AU(a,22);return a.join(\"\")};function decrypt(a){return Gw(a);}"
jscode 
var Fw={AU:function(a){a.reverse()},bk:function(a,b){var c=a[0];a[0]=a[b%a.length];a[b%a.length]=c},TY:function(a,b){a.splice(0,b)}};var Gw=function(a){a=a.split("");Fw.bk(a,11);Fw.bk(a,29);Fw.TY(a,3);Fw.bk(a,69);Fw.AU(a,36);Fw.TY(a,2);Fw.AU(a,22);return a.join("")};function decrypt(a){return Gw(a);};decrypt("ROqBOq0QJ8wnQIhAKAjlZEZvevP2TB38wKOloQbxQS_BDLEVCFGWbR_zNWHAiAsxd76EjdqDAhRCIYNEZ3O70sWSQozSfWvMqm3Z0cNhA====")
JS result: AOq0QJ8wRQIhAKAjlZEZvevP2Tn38wKOloQbxQS_BDLEVCFGWbR_zNWHAiAsxd76EjdqDBhRCIYNEZ3O70sWSQozSfWvMqm3Z0cNhA==encrypted_sig: "ROq4Oq0QJ8w3QIgKk_-gv86EgFcGL4RSznJLcLdHWr9sFxqzJ46xhHPm3sCIQCVjpIa2-vkiANojU4BBvdzk-YKGCeyHaPui3XBoIQWlQ===="
decryption_code "var Fw={AU:function(a){a.reverse()},bk:function(a,b){var c=a[0];a[0]=a[b%a.length];a[b%a.length]=c},TY:function(a,b){a.splice(0,b)}};var Gw=function(a){a=a.split(\"\");Fw.bk(a,11);Fw.bk(a,29);Fw.TY(a,3);Fw.bk(a,69);Fw.AU(a,36);Fw.TY(a,2);Fw.AU(a,22);return a.join(\"\")};function decrypt(a){return Gw(a);}"
jscode 
var Fw={AU:function(a){a.reverse()},bk:function(a,b){var c=a[0];a[0]=a[b%a.length];a[b%a.length]=c},TY:function(a,b){a.splice(0,b)}};var Gw=function(a){a=a.split("");Fw.bk(a,11);Fw.bk(a,29);Fw.TY(a,3);Fw.bk(a,69);Fw.AU(a,36);Fw.TY(a,2);Fw.AU(a,22);return a.join("")};function decrypt(a){return Gw(a);};decrypt("ROq4Oq0QJ8w3QIgKk_-gv86EgFcGL4RSznJLcLdHWr9sFxqzJ46xhHPm3sCIQCVjpIa2-vkiANojU4BBvdzk-YKGCeyHaPui3XBoIQWlQ====")
JS result: AOq0QJ8wRQIgKk_-gv86EgFcGL3RSznJLcLdHWr9sFxqzJ46xhHPm3sCIQCVjpIa2-vki4NojU4BBvdzk-YKGCeyHaPui3XBoIQWlQ==encrypted_sig: "ROq7Oq0QJ8wGAIgFSNdRW66o4LY1172pyUPEb_fBWkLVXXY6P__YYzi5CQCIAGPIpVb8SVMVApO0fk5QT5dg4w-G-IktBPNmVbT62_P_P"
decryption_code "var Fw={AU:function(a){a.reverse()},bk:function(a,b){var c=a[0];a[0]=a[b%a.length];a[b%a.length]=c},TY:function(a,b){a.splice(0,b)}};var Gw=function(a){a=a.split(\"\");Fw.bk(a,11);Fw.bk(a,29);Fw.TY(a,3);Fw.bk(a,69);Fw.AU(a,36);Fw.TY(a,2);Fw.AU(a,22);return a.join(\"\")};function decrypt(a){return Gw(a);}"
jscode 
var Fw={AU:function(a){a.reverse()},bk:function(a,b){var c=a[0];a[0]=a[b%a.length];a[b%a.length]=c},TY:function(a,b){a.splice(0,b)}};var Gw=function(a){a=a.split("");Fw.bk(a,11);Fw.bk(a,29);Fw.TY(a,3);Fw.bk(a,69);Fw.AU(a,36);Fw.TY(a,2);Fw.AU(a,22);return a.join("")};function decrypt(a){return Gw(a);};decrypt("ROq7Oq0QJ8wGAIgFSNdRW66o4LY1172pyUPEb_fBWkLVXXY6P__YYzi5CQCIAGPIpVb8SVMVApO0fk5QT5dg4w-G-IktBPNmVbT62_P_P")
JS result: AOq0QJ8wRAIgFSNdRW66o4LY11G2pyUPEb_fBWkLVXXY6P__YYzi5CQCIAGPIpVb8SVMV7pO0fk5QT5dg4w-G-IktBPNmVbT62_Pencrypted_sig: "ROq_Oq0QJ8wyQIhAJa8aGCVPUWT2v_WXJr-Kxp6EzYgxMVcaKlAS25C8x5zAiB99M937Xtu_AEeUYoCxt2o0vmm1ZNID7Ur0H4y4Ea2UA===="
decryption_code "var Fw={AU:function(a){a.reverse()},bk:function(a,b){var c=a[0];a[0]=a[b%a.length];a[b%a.length]=c},TY:function(a,b){a.splice(0,b)}};var Gw=function(a){a=a.split(\"\");Fw.bk(a,11);Fw.bk(a,29);Fw.TY(a,3);Fw.bk(a,69);Fw.AU(a,36);Fw.TY(a,2);Fw.AU(a,22);return a.join(\"\")};function decrypt(a){return Gw(a);}"
jscode 
var Fw={AU:function(a){a.reverse()},bk:function(a,b){var c=a[0];a[0]=a[b%a.length];a[b%a.length]=c},TY:function(a,b){a.splice(0,b)}};var Gw=function(a){a=a.split("");Fw.bk(a,11);Fw.bk(a,29);Fw.TY(a,3);Fw.bk(a,69);Fw.AU(a,36);Fw.TY(a,2);Fw.AU(a,22);return a.join("")};function decrypt(a){return Gw(a);};decrypt("ROq_Oq0QJ8wyQIhAJa8aGCVPUWT2v_WXJr-Kxp6EzYgxMVcaKlAS25C8x5zAiB99M937Xtu_AEeUYoCxt2o0vmm1ZNID7Ur0H4y4Ea2UA====")
JS result: AOq0QJ8wRQIhAJa8aGCVPUWT2vyWXJr-Kxp6EzYgxMVcaKlAS25C8x5zAiB99M937Xtu__EeUYoCxt2o0vmm1ZNID7Ur0H4y4Ea2UA==encrypted_sig: "ROqWOq0QJ8wfgIhAN5-2QpXnCXLdpWHtvhphn1iAwTBCDbwwwRC9I2tCUyAAiEAkkhidkioPAk1VkDv_zLuilNNdO_rzoCf0eXmd1FOF3E=E="
decryption_code "var Fw={AU:function(a){a.reverse()},bk:function(a,b){var c=a[0];a[0]=a[b%a.length];a[b%a.length]=c},TY:function(a,b){a.splice(0,b)}};var Gw=function(a){a=a.split(\"\");Fw.bk(a,11);Fw.bk(a,29);Fw.TY(a,3);Fw.bk(a,69);Fw.AU(a,36);Fw.TY(a,2);Fw.AU(a,22);return a.join(\"\")};function decrypt(a){return Gw(a);}"
jscode 
var Fw={AU:function(a){a.reverse()},bk:function(a,b){var c=a[0];a[0]=a[b%a.length];a[b%a.length]=c},TY:function(a,b){a.splice(0,b)}};var Gw=function(a){a=a.split("");Fw.bk(a,11);Fw.bk(a,29);Fw.TY(a,3);Fw.bk(a,69);Fw.AU(a,36);Fw.TY(a,2);Fw.AU(a,22);return a.join("")};function decrypt(a){return Gw(a);};decrypt("ROqWOq0QJ8wfgIhAN5-2QpXnCXLdpWHtvhphn1iAwTBCDbwwwRC9I2tCUyAAiEAkkhidkioPAk1VkDv_zLuilNNdO_rzoCf0eXmd1FOF3E=E=")
JS result: AOq0QJ8wRgIhAN5-2QpXnCXLdpfHtvhphn1iAwTBCDbwwwRC9I2tCUyAAiEAkkhidkioPWk1VkDv_zLuilNNdO_rzoCf0eXmd1FOF3E=encrypted_sig: "ROquOq0QJ8wHgIhAMQ4lkmiNlMrfQuWZZ-gGPwnZSBu5sTP_EH-nF4--DnaAiEA0BAuvToEKAHRurBrBmP9_rjvs-OsHFPmVwrqYD1LXC0=0="
decryption_code "var Fw={AU:function(a){a.reverse()},bk:function(a,b){var c=a[0];a[0]=a[b%a.length];a[b%a.length]=c},TY:function(a,b){a.splice(0,b)}};var Gw=function(a){a=a.split(\"\");Fw.bk(a,11);Fw.bk(a,29);Fw.TY(a,3);Fw.bk(a,69);Fw.AU(a,36);Fw.TY(a,2);Fw.AU(a,22);return a.join(\"\")};function decrypt(a){return Gw(a);}"
jscode 
var Fw={AU:function(a){a.reverse()},bk:function(a,b){var c=a[0];a[0]=a[b%a.length];a[b%a.length]=c},TY:function(a,b){a.splice(0,b)}};var Gw=function(a){a=a.split("");Fw.bk(a,11);Fw.bk(a,29);Fw.TY(a,3);Fw.bk(a,69);Fw.AU(a,36);Fw.TY(a,2);Fw.AU(a,22);return a.join("")};function decrypt(a){return Gw(a);};decrypt("ROquOq0QJ8wHgIhAMQ4lkmiNlMrfQuWZZ-gGPwnZSBu5sTP_EH-nF4--DnaAiEA0BAuvToEKAHRurBrBmP9_rjvs-OsHFPmVwrqYD1LXC0=0=")
JS result: AOq0QJ8wRgIhAMQ4lkmiNlMrfQHWZZ-gGPwnZSBu5sTP_EH-nF4--DnaAiEA0BAuvToEKuHRurBrBmP9_rjvs-OsHFPmVwrqYD1LXC0=encrypted_sig: "ROqEOq0QJ8waQIgSJZtPWq7avUL2CEGgvKQEwsU3FXJD-ikg80kWM4UdvQCIQCXVpL8fkYpHAFRVHs0o6UKjj4bEvxdWjEhwllDlmHEkg===="
decryption_code "var Fw={AU:function(a){a.reverse()},bk:function(a,b){var c=a[0];a[0]=a[b%a.length];a[b%a.length]=c},TY:function(a,b){a.splice(0,b)}};var Gw=function(a){a=a.split(\"\");Fw.bk(a,11);Fw.bk(a,29);Fw.TY(a,3);Fw.bk(a,69);Fw.AU(a,36);Fw.TY(a,2);Fw.AU(a,22);return a.join(\"\")};function decrypt(a){return Gw(a);}"
jscode 
var Fw={AU:function(a){a.reverse()},bk:function(a,b){var c=a[0];a[0]=a[b%a.length];a[b%a.length]=c},TY:function(a,b){a.splice(0,b)}};var Gw=function(a){a=a.split("");Fw.bk(a,11);Fw.bk(a,29);Fw.TY(a,3);Fw.bk(a,69);Fw.AU(a,36);Fw.TY(a,2);Fw.AU(a,22);return a.join("")};function decrypt(a){return Gw(a);};decrypt("ROqEOq0QJ8waQIgSJZtPWq7avUL2CEGgvKQEwsU3FXJD-ikg80kWM4UdvQCIQCXVpL8fkYpHAFRVHs0o6UKjj4bEvxdWjEhwllDlmHEkg====")
JS result: AOq0QJ8wRQIgSJZtPWq7avUL2CaGgvKQEwsU3FXJD-ikg80kWM4UdvQCIQCXVpL8fkYpHEFRVHs0o6UKjj4bEvxdWjEhwllDlmHEkg==encrypted_sig: "ROqYOq0QJ8wTgIhAKBrQkXdspt6HeYNT22292NkovnEliqc0RM0uKIZJDpwAiEAio-2ciHnMAOgjdld9t1UoAVfMB6RotbiPppGwILbt6Q=Q="
decryption_code "var Fw={AU:function(a){a.reverse()},bk:function(a,b){var c=a[0];a[0]=a[b%a.length];a[b%a.length]=c},TY:function(a,b){a.splice(0,b)}};var Gw=function(a){a=a.split(\"\");Fw.bk(a,11);Fw.bk(a,29);Fw.TY(a,3);Fw.bk(a,69);Fw.AU(a,36);Fw.TY(a,2);Fw.AU(a,22);return a.join(\"\")};function decrypt(a){return Gw(a);}"
jscode 
var Fw={AU:function(a){a.reverse()},bk:function(a,b){var c=a[0];a[0]=a[b%a.length];a[b%a.length]=c},TY:function(a,b){a.splice(0,b)}};var Gw=function(a){a=a.split("");Fw.bk(a,11);Fw.bk(a,29);Fw.TY(a,3);Fw.bk(a,69);Fw.AU(a,36);Fw.TY(a,2);Fw.AU(a,22);return a.join("")};function decrypt(a){return Gw(a);};decrypt("ROqYOq0QJ8wTgIhAKBrQkXdspt6HeYNT22292NkovnEliqc0RM0uKIZJDpwAiEAio-2ciHnMAOgjdld9t1UoAVfMB6RotbiPppGwILbt6Q=Q=")
JS result: AOq0QJ8wRgIhAKBrQkXdspt6HeTNT22292NkovnEliqc0RM0uKIZJDpwAiEAio-2ciHnMYOgjdld9t1UoAVfMB6RotbiPppGwILbt6Q=encrypted_sig: "ROqbOq0QJ8wyQIgZzzKZOwnYduYPJbzvxzXypUJKvDEJrTh394ttfC4BekCIQD0hihl9xrYzALKynH5pgRNSbYJyy2Xl-dpmCUP-Lhqsw===="
decryption_code "var Fw={AU:function(a){a.reverse()},bk:function(a,b){var c=a[0];a[0]=a[b%a.length];a[b%a.length]=c},TY:function(a,b){a.splice(0,b)}};var Gw=function(a){a=a.split(\"\");Fw.bk(a,11);Fw.bk(a,29);Fw.TY(a,3);Fw.bk(a,69);Fw.AU(a,36);Fw.TY(a,2);Fw.AU(a,22);return a.join(\"\")};function decrypt(a){return Gw(a);}"
jscode 
var Fw={AU:function(a){a.reverse()},bk:function(a,b){var c=a[0];a[0]=a[b%a.length];a[b%a.length]=c},TY:function(a,b){a.splice(0,b)}};var Gw=function(a){a=a.split("");Fw.bk(a,11);Fw.bk(a,29);Fw.TY(a,3);Fw.bk(a,69);Fw.AU(a,36);Fw.TY(a,2);Fw.AU(a,22);return a.join("")};function decrypt(a){return Gw(a);};decrypt("ROqbOq0QJ8wyQIgZzzKZOwnYduYPJbzvxzXypUJKvDEJrTh394ttfC4BekCIQD0hihl9xrYzALKynH5pgRNSbYJyy2Xl-dpmCUP-Lhqsw====")
JS result: AOq0QJ8wRQIgZzzKZOwnYduYPJyzvxzXypUJKvDEJrTh394ttfC4BekCIQD0hihl9xrYzbLKynH5pgRNSbYJyy2Xl-dpmCUP-Lhqsw==encrypted_sig: "ROqAOq0QJ8wUgIhAIXwqj_X_zBejoA2SH2JO1EZhUNiWgNJIPU00CGE1MX5AiEAnY_NNAgl2AWvP-V4NwEFQ7lrAzPZGpOAYnas-k9JEFo=o="
decryption_code "var Fw={AU:function(a){a.reverse()},bk:function(a,b){var c=a[0];a[0]=a[b%a.length];a[b%a.length]=c},TY:function(a,b){a.splice(0,b)}};var Gw=function(a){a=a.split(\"\");Fw.bk(a,11);Fw.bk(a,29);Fw.TY(a,3);Fw.bk(a,69);Fw.AU(a,36);Fw.TY(a,2);Fw.AU(a,22);return a.join(\"\")};function decrypt(a){return Gw(a);}"
jscode 
var Fw={AU:function(a){a.reverse()},bk:function(a,b){var c=a[0];a[0]=a[b%a.length];a[b%a.length]=c},TY:function(a,b){a.splice(0,b)}};var Gw=function(a){a=a.split("");Fw.bk(a,11);Fw.bk(a,29);Fw.TY(a,3);Fw.bk(a,69);Fw.AU(a,36);Fw.TY(a,2);Fw.AU(a,22);return a.join("")};function decrypt(a){return Gw(a);};decrypt("ROqAOq0QJ8wUgIhAIXwqj_X_zBejoA2SH2JO1EZhUNiWgNJIPU00CGE1MX5AiEAnY_NNAgl2AWvP-V4NwEFQ7lrAzPZGpOAYnas-k9JEFo=o=")
JS result: AOq0QJ8wRgIhAIXwqj_X_zBejoU2SH2JO1EZhUNiWgNJIPU00CGE1MX5AiEAnY_NNAgl2AWvP-V4NwEFQ7lrAzPZGpOAYnas-k9JEFo=encrypted_sig: "ROq_Oq0QJ8wsQIgbN7z5yKW1xFhpp_FEeFawcfcDNvzN6pIlgRF8441Fs0CIQDS_1AjB-Wh6AkDo8sS2phbOF2tgLAwLzShO6ofnGtPcA===="
decryption_code "var Fw={AU:function(a){a.reverse()},bk:function(a,b){var c=a[0];a[0]=a[b%a.length];a[b%a.length]=c},TY:function(a,b){a.splice(0,b)}};var Gw=function(a){a=a.split(\"\");Fw.bk(a,11);Fw.bk(a,29);Fw.TY(a,3);Fw.bk(a,69);Fw.AU(a,36);Fw.TY(a,2);Fw.AU(a,22);return a.join(\"\")};function decrypt(a){return Gw(a);}"
jscode 
var Fw={AU:function(a){a.reverse()},bk:function(a,b){var c=a[0];a[0]=a[b%a.length];a[b%a.length]=c},TY:function(a,b){a.splice(0,b)}};var Gw=function(a){a=a.split("");Fw.bk(a,11);Fw.bk(a,29);Fw.TY(a,3);Fw.bk(a,69);Fw.AU(a,36);Fw.TY(a,2);Fw.AU(a,22);return a.join("")};function decrypt(a){return Gw(a);};decrypt("ROq_Oq0QJ8wsQIgbN7z5yKW1xFhpp_FEeFawcfcDNvzN6pIlgRF8441Fs0CIQDS_1AjB-Wh6AkDo8sS2phbOF2tgLAwLzShO6ofnGtPcA====")
JS result: AOq0QJ8wRQIgbN7z5yKW1xFhppsFEeFawcfcDNvzN6pIlgRF8441Fs0CIQDS_1AjB-Wh6_kDo8sS2phbOF2tgLAwLzShO6ofnGtPcA==encrypted_sig: "ROq-Oq0QJ8wAQIhAJDkBKk4tAZo0r-2KwSfSiCkBZegg26VgqH6wCHT6qRbAiAwse7nLg8nyAcOHVqgg8p6HhKQgnLQ-eVoWIzgzOTBYQ===="
decryption_code "var Fw={AU:function(a){a.reverse()},bk:function(a,b){var c=a[0];a[0]=a[b%a.length];a[b%a.length]=c},TY:function(a,b){a.splice(0,b)}};var Gw=function(a){a=a.split(\"\");Fw.bk(a,11);Fw.bk(a,29);Fw.TY(a,3);Fw.bk(a,69);Fw.AU(a,36);Fw.TY(a,2);Fw.AU(a,22);return a.join(\"\")};function decrypt(a){return Gw(a);}"
jscode 
var Fw={AU:function(a){a.reverse()},bk:function(a,b){var c=a[0];a[0]=a[b%a.length];a[b%a.length]=c},TY:function(a,b){a.splice(0,b)}};var Gw=function(a){a=a.split("");Fw.bk(a,11);Fw.bk(a,29);Fw.TY(a,3);Fw.bk(a,69);Fw.AU(a,36);Fw.TY(a,2);Fw.AU(a,22);return a.join("")};function decrypt(a){return Gw(a);};decrypt("ROq-Oq0QJ8wAQIhAJDkBKk4tAZo0r-2KwSfSiCkBZegg26VgqH6wCHT6qRbAiAwse7nLg8nyAcOHVqgg8p6HhKQgnLQ-eVoWIzgzOTBYQ====")
JS result: AOq0QJ8wRQIhAJDkBKk4tAZo0rA2KwSfSiCkBZegg26VgqH6wCHT6qRbAiAwse7nLg8ny-cOHVqgg8p6HhKQgnLQ-eVoWIzgzOTBYQ==encrypted_sig: "ROqEOq0QJ8w7gIhAKNpexxOadaC_NEW53bbBRmWL5BKpAlXQZNj8j-ANx3DAiEA4IxaM8Bp_ABWf5iwPwUM3sgWyOtwrePOUnvg_jPTaDU=U="
decryption_code "var Fw={AU:function(a){a.reverse()},bk:function(a,b){var c=a[0];a[0]=a[b%a.length];a[b%a.length]=c},TY:function(a,b){a.splice(0,b)}};var Gw=function(a){a=a.split(\"\");Fw.bk(a,11);Fw.bk(a,29);Fw.TY(a,3);Fw.bk(a,69);Fw.AU(a,36);Fw.TY(a,2);Fw.AU(a,22);return a.join(\"\")};function decrypt(a){return Gw(a);}"
jscode 
var Fw={AU:function(a){a.reverse()},bk:function(a,b){var c=a[0];a[0]=a[b%a.length];a[b%a.length]=c},TY:function(a,b){a.splice(0,b)}};var Gw=function(a){a=a.split("");Fw.bk(a,11);Fw.bk(a,29);Fw.TY(a,3);Fw.bk(a,69);Fw.AU(a,36);Fw.TY(a,2);Fw.AU(a,22);return a.join("")};function decrypt(a){return Gw(a);};decrypt("ROqEOq0QJ8w7gIhAKNpexxOadaC_NEW53bbBRmWL5BKpAlXQZNj8j-ANx3DAiEA4IxaM8Bp_ABWf5iwPwUM3sgWyOtwrePOUnvg_jPTaDU=U=")
JS result: AOq0QJ8wRgIhAKNpexxOadaC_N7W53bbBRmWL5BKpAlXQZNj8j-ANx3DAiEA4IxaM8Bp_EBWf5iwPwUM3sgWyOtwrePOUnvg_jPTaDU=encrypted_sig: "ROq8Oq0QJ8wEAIgHa8EUNozWIftB28gzDX8djwEM7ZY1o17ufabpRmuUUUCIEVLHsI0vqXjaASYwNZrBLEsTqwgKnjwE4rTbIBBcVgege"
decryption_code "var Fw={AU:function(a){a.reverse()},bk:function(a,b){var c=a[0];a[0]=a[b%a.length];a[b%a.length]=c},TY:function(a,b){a.splice(0,b)}};var Gw=function(a){a=a.split(\"\");Fw.bk(a,11);Fw.bk(a,29);Fw.TY(a,3);Fw.bk(a,69);Fw.AU(a,36);Fw.TY(a,2);Fw.AU(a,22);return a.join(\"\")};function decrypt(a){return Gw(a);}"
jscode 
var Fw={AU:function(a){a.reverse()},bk:function(a,b){var c=a[0];a[0]=a[b%a.length];a[b%a.length]=c},TY:function(a,b){a.splice(0,b)}};var Gw=function(a){a=a.split("");Fw.bk(a,11);Fw.bk(a,29);Fw.TY(a,3);Fw.bk(a,69);Fw.AU(a,36);Fw.TY(a,2);Fw.AU(a,22);return a.join("")};function decrypt(a){return Gw(a);};decrypt("ROq8Oq0QJ8wEAIgHa8EUNozWIftB28gzDX8djwEM7ZY1o17ufabpRmuUUUCIEVLHsI0vqXjaASYwNZrBLEsTqwgKnjwE4rTbIBBcVgege")
JS result: AOq0QJ8wRAIgHa8EUNozWIftB2EgzDX8djwEM7ZY1o17ufabpRmuUUUCIEVLHsI0vqXja8SYwNZrBLEsTqwgKnjwE4rTbIBBcVgeAUDIO ONLY STREAMS 

[
    StreamItem {
        url: Some(
            "https://r6---sn-qxa7sn7z.googlevideo.com/videoplayback?expire=1591411155&ei=c63aXr-WFtSOvQSYiJZY&ip=113.193.220.168&id=o-AMnMDZ_VurDFEXk8O-61YX41L07kPK0kIc78XNWqbYYW&itag=140&source=youtube&requiressl=yes&mh=Ko&mm=31%2C26&mn=sn-qxa7sn7z%2Csn-cvh76nek&ms=au%2Conr&mv=m&mvi=5&pl=24&gcr=in&initcwndbps=593750&vprv=1&mime=audio%2Fmp4&gir=yes&clen=4442283&dur=274.333&lmt=1575362027197841&mt=1591389456&fvip=1&keepalive=yes&c=WEB&txp=5431432&sparams=expire%2Cei%2Cip%2Cid%2Citag%2Csource%2Crequiressl%2Cgcr%2Cvprv%2Cmime%2Cgir%2Cclen%2Cdur%2Clmt&lsparams=mh%2Cmm%2Cmn%2Cms%2Cmv%2Cmvi%2Cpl%2Cinitcwndbps&lsig=AG3C_xAwRAIgGAB_emh_j6Hh5fhXWoFcY1DnJg1WOSHjTxW8aMZE13ICIDLpdSeaFsQAdVy4KNQBR6VQrqUIDEwNhl8BOvqqOgrV&sig=AOq0QJ8wRQIgbN7z5yKW1xFhppsFEeFawcfcDNvzN6pIlgRF8441Fs0CIQDS_1AjB-Wh6_kDo8sS2phbOF2tgLAwLzShO6ofnGtPcA==",
        ),
        itag: 140,
        approxDurationMs: "274333",
        audioChannels: Some(
            2,
        ),
        audioQuality: Some(
            "AUDIO_QUALITY_MEDIUM",
        ),
        audioSampleRate: Some(
            "44100",
        ),
        averageBitrate: Some(
            129544,
        ),
        bitrate: 130999,
        contentLength: Some(
            "4442283",
        ),
        height: None,
        width: None,
        quality: "tiny",
        qualityLabel: None,
        lastModified: "1575362027197841",
        mimeType: "audio/mp4; codecs=\"mp4a.40.2\"",
    },
    StreamItem {
        url: Some(
            "https://r6---sn-qxa7sn7z.googlevideo.com/videoplayback?expire=1591411155&ei=c63aXr-WFtSOvQSYiJZY&ip=113.193.220.168&id=o-AMnMDZ_VurDFEXk8O-61YX41L07kPK0kIc78XNWqbYYW&itag=251&source=youtube&requiressl=yes&mh=Ko&mm=31%2C26&mn=sn-qxa7sn7z%2Csn-cvh76nek&ms=au%2Conr&mv=m&mvi=5&pl=24&gcr=in&initcwndbps=593750&vprv=1&mime=audio%2Fwebm&gir=yes&clen=4616253&dur=274.341&lmt=1575362028505536&mt=1591389456&fvip=1&keepalive=yes&c=WEB&txp=5431432&sparams=expire%2Cei%2Cip%2Cid%2Citag%2Csource%2Crequiressl%2Cgcr%2Cvprv%2Cmime%2Cgir%2Cclen%2Cdur%2Clmt&lsparams=mh%2Cmm%2Cmn%2Cms%2Cmv%2Cmvi%2Cpl%2Cinitcwndbps&lsig=AG3C_xAwRQIhAKj5rPmsWXOILPOjyHDSejVTn5rbkm0sMMwdyLNt6goXAiAchAZMj9yEV9_mpP2-mEmpjwlT28jMXFl0Y7jQD7iNzA%3D%3D&sig=AOq0QJ8wRAIgHa8EUNozWIftB2EgzDX8djwEM7ZY1o17ufabpRmuUUUCIEVLHsI0vqXja8SYwNZrBLEsTqwgKnjwE4rTbIBBcVge",
        ),
        itag: 251,
        approxDurationMs: "274341",
        audioChannels: Some(
            2,
        ),
        audioQuality: Some(
            "AUDIO_QUALITY_MEDIUM",
        ),
        audioSampleRate: Some(
            "48000",
        ),
        averageBitrate: Some(
            134613,
        ),
        bitrate: 144995,
        contentLength: Some(
            "4616253",
        ),
        height: None,
        width: None,
        quality: "tiny",
        qualityLabel: None,
        lastModified: "1575362028505536",
        mimeType: "audio/webm; codecs=\"opus\"",
    },
    StreamItem {
        url: Some(
            "https://r6---sn-qxa7sn7z.googlevideo.com/videoplayback?expire=1591411155&ei=c63aXr-WFtSOvQSYiJZY&ip=113.193.220.168&id=o-AMnMDZ_VurDFEXk8O-61YX41L07kPK0kIc78XNWqbYYW&itag=250&source=youtube&requiressl=yes&mh=Ko&mm=31%2C26&mn=sn-qxa7sn7z%2Csn-cvh76nek&ms=au%2Conr&mv=m&mvi=5&pl=24&gcr=in&initcwndbps=593750&vprv=1&mime=audio%2Fwebm&gir=yes&clen=2364463&dur=274.341&lmt=1575362028931288&mt=1591389456&fvip=1&keepalive=yes&c=WEB&txp=5431432&sparams=expire%2Cei%2Cip%2Cid%2Citag%2Csource%2Crequiressl%2Cgcr%2Cvprv%2Cmime%2Cgir%2Cclen%2Cdur%2Clmt&lsparams=mh%2Cmm%2Cmn%2Cms%2Cmv%2Cmvi%2Cpl%2Cinitcwndbps&lsig=AG3C_xAwRgIhANrxca5G40mJXpPqFXwJt4qWdWN_vHXoc8cMqdVN3N1fAiEA3P0-QSWFUpTj0GmOORtkaO7yozVo62j1s8BBe8PyA-g%3D&sig=AOq0QJ8wRgIhAKNpexxOadaC_N7W53bbBRmWL5BKpAlXQZNj8j-ANx3DAiEA4IxaM8Bp_EBWf5iwPwUM3sgWyOtwrePOUnvg_jPTaDU=",
        ),
        itag: 250,
        approxDurationMs: "274341",
        audioChannels: Some(
            2,
        ),
        audioQuality: Some(
            "AUDIO_QUALITY_LOW",
        ),
        audioSampleRate: Some(
            "48000",
        ),
        averageBitrate: Some(
            68949,
        ),
        bitrate: 75921,
        contentLength: Some(
            "2364463",
        ),
        height: None,
        width: None,
        quality: "tiny",
        qualityLabel: None,
        lastModified: "1575362028931288",
        mimeType: "audio/webm; codecs=\"opus\"",
    },
    StreamItem {
        url: Some(
            "https://r6---sn-qxa7sn7z.googlevideo.com/videoplayback?expire=1591411155&ei=c63aXr-WFtSOvQSYiJZY&ip=113.193.220.168&id=o-AMnMDZ_VurDFEXk8O-61YX41L07kPK0kIc78XNWqbYYW&itag=249&source=youtube&requiressl=yes&mh=Ko&mm=31%2C26&mn=sn-qxa7sn7z%2Csn-cvh76nek&ms=au%2Conr&mv=m&mvi=5&pl=24&gcr=in&initcwndbps=593750&vprv=1&mime=audio%2Fwebm&gir=yes&clen=1781631&dur=274.341&lmt=1575362030205587&mt=1591389456&fvip=1&keepalive=yes&c=WEB&txp=5431432&sparams=expire%2Cei%2Cip%2Cid%2Citag%2Csource%2Crequiressl%2Cgcr%2Cvprv%2Cmime%2Cgir%2Cclen%2Cdur%2Clmt&lsparams=mh%2Cmm%2Cmn%2Cms%2Cmv%2Cmvi%2Cpl%2Cinitcwndbps&lsig=AG3C_xAwRgIhAPiDKb9Np7m9K1GNkAkgFBqj58KSpMzPyFfUJ8Lum3r7AiEA0FGlnn_XlsvdsgAxAao2XGaPK5o-sZS3MjKARygGu28%3D&sig=AOq0QJ8wRQIhAJDkBKk4tAZo0rA2KwSfSiCkBZegg26VgqH6wCHT6qRbAiAwse7nLg8ny-cOHVqgg8p6HhKQgnLQ-eVoWIzgzOTBYQ==",
        ),
        itag: 249,
        approxDurationMs: "274341",
        audioChannels: Some(
            2,
        ),
        audioQuality: Some(
            "AUDIO_QUALITY_LOW",
        ),
        audioSampleRate: Some(
            "48000",
        ),
        averageBitrate: Some(
            51953,
        ),
        bitrate: 57762,
        contentLength: Some(
            "1781631",
        ),
        height: None,
        width: None,
        quality: "tiny",
        qualityLabel: None,
        lastModified: "1575362030205587",
        mimeType: "audio/webm; codecs=\"opus\"",
    },
]
encrypted_sig: "ROqjOq0QJ8wkAIgU-S6dh211GnnWOjveqDTbAaoqJYM-S1tp6GmwCLWq2ECIEv35LUNkewixATqkYAPw9-_iEM3X07m6eBcTY-LSE0z0z"
decryption_code "var Fw={AU:function(a){a.reverse()},bk:function(a,b){var c=a[0];a[0]=a[b%a.length];a[b%a.length]=c},TY:function(a,b){a.splice(0,b)}};var Gw=function(a){a=a.split(\"\");Fw.bk(a,11);Fw.bk(a,29);Fw.TY(a,3);Fw.bk(a,69);Fw.AU(a,36);Fw.TY(a,2);Fw.AU(a,22);return a.join(\"\")};function decrypt(a){return Gw(a);}"
jscode 
var Fw={AU:function(a){a.reverse()},bk:function(a,b){var c=a[0];a[0]=a[b%a.length];a[b%a.length]=c},TY:function(a,b){a.splice(0,b)}};var Gw=function(a){a=a.split("");Fw.bk(a,11);Fw.bk(a,29);Fw.TY(a,3);Fw.bk(a,69);Fw.AU(a,36);Fw.TY(a,2);Fw.AU(a,22);return a.join("")};function decrypt(a){return Gw(a);};decrypt("ROqjOq0QJ8wkAIgU-S6dh211GnnWOjveqDTbAaoqJYM-S1tp6GmwCLWq2ECIEv35LUNkewixATqkYAPw9-_iEM3X07m6eBcTY-LSE0z0z")
JS result: AOq0QJ8wRAIgU-S6dh211GnnWOkveqDTbAaoqJYM-S1tp6GmwCLWq2ECIEv35LUNkewixjTqkYAPw9-_iEM3X07m6eBcTY-LSE0zencrypted_sig: "ROq9Oq0QJ8wWQIgDmimShw38Dtomx9Ru2iTSwMR2D5u0__WNnb-ZDKyH50CIQDRYXnHXJaoGAcRUfNYJbW_qVwV7xzWSQQc2kDy9xE2JQ===="
decryption_code "var Fw={AU:function(a){a.reverse()},bk:function(a,b){var c=a[0];a[0]=a[b%a.length];a[b%a.length]=c},TY:function(a,b){a.splice(0,b)}};var Gw=function(a){a=a.split(\"\");Fw.bk(a,11);Fw.bk(a,29);Fw.TY(a,3);Fw.bk(a,69);Fw.AU(a,36);Fw.TY(a,2);Fw.AU(a,22);return a.join(\"\")};function decrypt(a){return Gw(a);}"
jscode 
var Fw={AU:function(a){a.reverse()},bk:function(a,b){var c=a[0];a[0]=a[b%a.length];a[b%a.length]=c},TY:function(a,b){a.splice(0,b)}};var Gw=function(a){a=a.split("");Fw.bk(a,11);Fw.bk(a,29);Fw.TY(a,3);Fw.bk(a,69);Fw.AU(a,36);Fw.TY(a,2);Fw.AU(a,22);return a.join("")};function decrypt(a){return Gw(a);};decrypt("ROq9Oq0QJ8wWQIgDmimShw38Dtomx9Ru2iTSwMR2D5u0__WNnb-ZDKyH50CIQDRYXnHXJaoGAcRUfNYJbW_qVwV7xzWSQQc2kDy9xE2JQ====")
JS result: AOq0QJ8wRQIgDmimShw38DtomxWRu2iTSwMR2D5u0__WNnb-ZDKyH50CIQDRYXnHXJaoG9cRUfNYJbW_qVwV7xzWSQQc2kDy9xE2JQ==encrypted_sig: "ROqBOq0QJ8wnQIhAKAjlZEZvevP2TB38wKOloQbxQS_BDLEVCFGWbR_zNWHAiAsxd76EjdqDAhRCIYNEZ3O70sWSQozSfWvMqm3Z0cNhA===="
decryption_code "var Fw={AU:function(a){a.reverse()},bk:function(a,b){var c=a[0];a[0]=a[b%a.length];a[b%a.length]=c},TY:function(a,b){a.splice(0,b)}};var Gw=function(a){a=a.split(\"\");Fw.bk(a,11);Fw.bk(a,29);Fw.TY(a,3);Fw.bk(a,69);Fw.AU(a,36);Fw.TY(a,2);Fw.AU(a,22);return a.join(\"\")};function decrypt(a){return Gw(a);}"
jscode 
var Fw={AU:function(a){a.reverse()},bk:function(a,b){var c=a[0];a[0]=a[b%a.length];a[b%a.length]=c},TY:function(a,b){a.splice(0,b)}};var Gw=function(a){a=a.split("");Fw.bk(a,11);Fw.bk(a,29);Fw.TY(a,3);Fw.bk(a,69);Fw.AU(a,36);Fw.TY(a,2);Fw.AU(a,22);return a.join("")};function decrypt(a){return Gw(a);};decrypt("ROqBOq0QJ8wnQIhAKAjlZEZvevP2TB38wKOloQbxQS_BDLEVCFGWbR_zNWHAiAsxd76EjdqDAhRCIYNEZ3O70sWSQozSfWvMqm3Z0cNhA====")
JS result: AOq0QJ8wRQIhAKAjlZEZvevP2Tn38wKOloQbxQS_BDLEVCFGWbR_zNWHAiAsxd76EjdqDBhRCIYNEZ3O70sWSQozSfWvMqm3Z0cNhA==encrypted_sig: "ROq4Oq0QJ8w3QIgKk_-gv86EgFcGL4RSznJLcLdHWr9sFxqzJ46xhHPm3sCIQCVjpIa2-vkiANojU4BBvdzk-YKGCeyHaPui3XBoIQWlQ===="
decryption_code "var Fw={AU:function(a){a.reverse()},bk:function(a,b){var c=a[0];a[0]=a[b%a.length];a[b%a.length]=c},TY:function(a,b){a.splice(0,b)}};var Gw=function(a){a=a.split(\"\");Fw.bk(a,11);Fw.bk(a,29);Fw.TY(a,3);Fw.bk(a,69);Fw.AU(a,36);Fw.TY(a,2);Fw.AU(a,22);return a.join(\"\")};function decrypt(a){return Gw(a);}"
jscode 
var Fw={AU:function(a){a.reverse()},bk:function(a,b){var c=a[0];a[0]=a[b%a.length];a[b%a.length]=c},TY:function(a,b){a.splice(0,b)}};var Gw=function(a){a=a.split("");Fw.bk(a,11);Fw.bk(a,29);Fw.TY(a,3);Fw.bk(a,69);Fw.AU(a,36);Fw.TY(a,2);Fw.AU(a,22);return a.join("")};function decrypt(a){return Gw(a);};decrypt("ROq4Oq0QJ8w3QIgKk_-gv86EgFcGL4RSznJLcLdHWr9sFxqzJ46xhHPm3sCIQCVjpIa2-vkiANojU4BBvdzk-YKGCeyHaPui3XBoIQWlQ====")
JS result: AOq0QJ8wRQIgKk_-gv86EgFcGL3RSznJLcLdHWr9sFxqzJ46xhHPm3sCIQCVjpIa2-vki4NojU4BBvdzk-YKGCeyHaPui3XBoIQWlQ==encrypted_sig: "ROq7Oq0QJ8wGAIgFSNdRW66o4LY1172pyUPEb_fBWkLVXXY6P__YYzi5CQCIAGPIpVb8SVMVApO0fk5QT5dg4w-G-IktBPNmVbT62_P_P"
decryption_code "var Fw={AU:function(a){a.reverse()},bk:function(a,b){var c=a[0];a[0]=a[b%a.length];a[b%a.length]=c},TY:function(a,b){a.splice(0,b)}};var Gw=function(a){a=a.split(\"\");Fw.bk(a,11);Fw.bk(a,29);Fw.TY(a,3);Fw.bk(a,69);Fw.AU(a,36);Fw.TY(a,2);Fw.AU(a,22);return a.join(\"\")};function decrypt(a){return Gw(a);}"
jscode 
var Fw={AU:function(a){a.reverse()},bk:function(a,b){var c=a[0];a[0]=a[b%a.length];a[b%a.length]=c},TY:function(a,b){a.splice(0,b)}};var Gw=function(a){a=a.split("");Fw.bk(a,11);Fw.bk(a,29);Fw.TY(a,3);Fw.bk(a,69);Fw.AU(a,36);Fw.TY(a,2);Fw.AU(a,22);return a.join("")};function decrypt(a){return Gw(a);};decrypt("ROq7Oq0QJ8wGAIgFSNdRW66o4LY1172pyUPEb_fBWkLVXXY6P__YYzi5CQCIAGPIpVb8SVMVApO0fk5QT5dg4w-G-IktBPNmVbT62_P_P")
JS result: AOq0QJ8wRAIgFSNdRW66o4LY11G2pyUPEb_fBWkLVXXY6P__YYzi5CQCIAGPIpVb8SVMV7pO0fk5QT5dg4w-G-IktBPNmVbT62_Pencrypted_sig: "ROq_Oq0QJ8wyQIhAJa8aGCVPUWT2v_WXJr-Kxp6EzYgxMVcaKlAS25C8x5zAiB99M937Xtu_AEeUYoCxt2o0vmm1ZNID7Ur0H4y4Ea2UA===="
decryption_code "var Fw={AU:function(a){a.reverse()},bk:function(a,b){var c=a[0];a[0]=a[b%a.length];a[b%a.length]=c},TY:function(a,b){a.splice(0,b)}};var Gw=function(a){a=a.split(\"\");Fw.bk(a,11);Fw.bk(a,29);Fw.TY(a,3);Fw.bk(a,69);Fw.AU(a,36);Fw.TY(a,2);Fw.AU(a,22);return a.join(\"\")};function decrypt(a){return Gw(a);}"
jscode 
var Fw={AU:function(a){a.reverse()},bk:function(a,b){var c=a[0];a[0]=a[b%a.length];a[b%a.length]=c},TY:function(a,b){a.splice(0,b)}};var Gw=function(a){a=a.split("");Fw.bk(a,11);Fw.bk(a,29);Fw.TY(a,3);Fw.bk(a,69);Fw.AU(a,36);Fw.TY(a,2);Fw.AU(a,22);return a.join("")};function decrypt(a){return Gw(a);};decrypt("ROq_Oq0QJ8wyQIhAJa8aGCVPUWT2v_WXJr-Kxp6EzYgxMVcaKlAS25C8x5zAiB99M937Xtu_AEeUYoCxt2o0vmm1ZNID7Ur0H4y4Ea2UA====")
JS result: AOq0QJ8wRQIhAJa8aGCVPUWT2vyWXJr-Kxp6EzYgxMVcaKlAS25C8x5zAiB99M937Xtu__EeUYoCxt2o0vmm1ZNID7Ur0H4y4Ea2UA==encrypted_sig: "ROqWOq0QJ8wfgIhAN5-2QpXnCXLdpWHtvhphn1iAwTBCDbwwwRC9I2tCUyAAiEAkkhidkioPAk1VkDv_zLuilNNdO_rzoCf0eXmd1FOF3E=E="
decryption_code "var Fw={AU:function(a){a.reverse()},bk:function(a,b){var c=a[0];a[0]=a[b%a.length];a[b%a.length]=c},TY:function(a,b){a.splice(0,b)}};var Gw=function(a){a=a.split(\"\");Fw.bk(a,11);Fw.bk(a,29);Fw.TY(a,3);Fw.bk(a,69);Fw.AU(a,36);Fw.TY(a,2);Fw.AU(a,22);return a.join(\"\")};function decrypt(a){return Gw(a);}"
jscode 
var Fw={AU:function(a){a.reverse()},bk:function(a,b){var c=a[0];a[0]=a[b%a.length];a[b%a.length]=c},TY:function(a,b){a.splice(0,b)}};var Gw=function(a){a=a.split("");Fw.bk(a,11);Fw.bk(a,29);Fw.TY(a,3);Fw.bk(a,69);Fw.AU(a,36);Fw.TY(a,2);Fw.AU(a,22);return a.join("")};function decrypt(a){return Gw(a);};decrypt("ROqWOq0QJ8wfgIhAN5-2QpXnCXLdpWHtvhphn1iAwTBCDbwwwRC9I2tCUyAAiEAkkhidkioPAk1VkDv_zLuilNNdO_rzoCf0eXmd1FOF3E=E=")
JS result: AOq0QJ8wRgIhAN5-2QpXnCXLdpfHtvhphn1iAwTBCDbwwwRC9I2tCUyAAiEAkkhidkioPWk1VkDv_zLuilNNdO_rzoCf0eXmd1FOF3E=encrypted_sig: "ROquOq0QJ8wHgIhAMQ4lkmiNlMrfQuWZZ-gGPwnZSBu5sTP_EH-nF4--DnaAiEA0BAuvToEKAHRurBrBmP9_rjvs-OsHFPmVwrqYD1LXC0=0="
decryption_code "var Fw={AU:function(a){a.reverse()},bk:function(a,b){var c=a[0];a[0]=a[b%a.length];a[b%a.length]=c},TY:function(a,b){a.splice(0,b)}};var Gw=function(a){a=a.split(\"\");Fw.bk(a,11);Fw.bk(a,29);Fw.TY(a,3);Fw.bk(a,69);Fw.AU(a,36);Fw.TY(a,2);Fw.AU(a,22);return a.join(\"\")};function decrypt(a){return Gw(a);}"
jscode 
var Fw={AU:function(a){a.reverse()},bk:function(a,b){var c=a[0];a[0]=a[b%a.length];a[b%a.length]=c},TY:function(a,b){a.splice(0,b)}};var Gw=function(a){a=a.split("");Fw.bk(a,11);Fw.bk(a,29);Fw.TY(a,3);Fw.bk(a,69);Fw.AU(a,36);Fw.TY(a,2);Fw.AU(a,22);return a.join("")};function decrypt(a){return Gw(a);};decrypt("ROquOq0QJ8wHgIhAMQ4lkmiNlMrfQuWZZ-gGPwnZSBu5sTP_EH-nF4--DnaAiEA0BAuvToEKAHRurBrBmP9_rjvs-OsHFPmVwrqYD1LXC0=0=")
JS result: AOq0QJ8wRgIhAMQ4lkmiNlMrfQHWZZ-gGPwnZSBu5sTP_EH-nF4--DnaAiEA0BAuvToEKuHRurBrBmP9_rjvs-OsHFPmVwrqYD1LXC0=encrypted_sig: "ROqEOq0QJ8waQIgSJZtPWq7avUL2CEGgvKQEwsU3FXJD-ikg80kWM4UdvQCIQCXVpL8fkYpHAFRVHs0o6UKjj4bEvxdWjEhwllDlmHEkg===="
decryption_code "var Fw={AU:function(a){a.reverse()},bk:function(a,b){var c=a[0];a[0]=a[b%a.length];a[b%a.length]=c},TY:function(a,b){a.splice(0,b)}};var Gw=function(a){a=a.split(\"\");Fw.bk(a,11);Fw.bk(a,29);Fw.TY(a,3);Fw.bk(a,69);Fw.AU(a,36);Fw.TY(a,2);Fw.AU(a,22);return a.join(\"\")};function decrypt(a){return Gw(a);}"
jscode 
var Fw={AU:function(a){a.reverse()},bk:function(a,b){var c=a[0];a[0]=a[b%a.length];a[b%a.length]=c},TY:function(a,b){a.splice(0,b)}};var Gw=function(a){a=a.split("");Fw.bk(a,11);Fw.bk(a,29);Fw.TY(a,3);Fw.bk(a,69);Fw.AU(a,36);Fw.TY(a,2);Fw.AU(a,22);return a.join("")};function decrypt(a){return Gw(a);};decrypt("ROqEOq0QJ8waQIgSJZtPWq7avUL2CEGgvKQEwsU3FXJD-ikg80kWM4UdvQCIQCXVpL8fkYpHAFRVHs0o6UKjj4bEvxdWjEhwllDlmHEkg====")
JS result: AOq0QJ8wRQIgSJZtPWq7avUL2CaGgvKQEwsU3FXJD-ikg80kWM4UdvQCIQCXVpL8fkYpHEFRVHs0o6UKjj4bEvxdWjEhwllDlmHEkg==encrypted_sig: "ROqYOq0QJ8wTgIhAKBrQkXdspt6HeYNT22292NkovnEliqc0RM0uKIZJDpwAiEAio-2ciHnMAOgjdld9t1UoAVfMB6RotbiPppGwILbt6Q=Q="
decryption_code "var Fw={AU:function(a){a.reverse()},bk:function(a,b){var c=a[0];a[0]=a[b%a.length];a[b%a.length]=c},TY:function(a,b){a.splice(0,b)}};var Gw=function(a){a=a.split(\"\");Fw.bk(a,11);Fw.bk(a,29);Fw.TY(a,3);Fw.bk(a,69);Fw.AU(a,36);Fw.TY(a,2);Fw.AU(a,22);return a.join(\"\")};function decrypt(a){return Gw(a);}"
jscode 
var Fw={AU:function(a){a.reverse()},bk:function(a,b){var c=a[0];a[0]=a[b%a.length];a[b%a.length]=c},TY:function(a,b){a.splice(0,b)}};var Gw=function(a){a=a.split("");Fw.bk(a,11);Fw.bk(a,29);Fw.TY(a,3);Fw.bk(a,69);Fw.AU(a,36);Fw.TY(a,2);Fw.AU(a,22);return a.join("")};function decrypt(a){return Gw(a);};decrypt("ROqYOq0QJ8wTgIhAKBrQkXdspt6HeYNT22292NkovnEliqc0RM0uKIZJDpwAiEAio-2ciHnMAOgjdld9t1UoAVfMB6RotbiPppGwILbt6Q=Q=")
JS result: AOq0QJ8wRgIhAKBrQkXdspt6HeTNT22292NkovnEliqc0RM0uKIZJDpwAiEAio-2ciHnMYOgjdld9t1UoAVfMB6RotbiPppGwILbt6Q=encrypted_sig: "ROqbOq0QJ8wyQIgZzzKZOwnYduYPJbzvxzXypUJKvDEJrTh394ttfC4BekCIQD0hihl9xrYzALKynH5pgRNSbYJyy2Xl-dpmCUP-Lhqsw===="
decryption_code "var Fw={AU:function(a){a.reverse()},bk:function(a,b){var c=a[0];a[0]=a[b%a.length];a[b%a.length]=c},TY:function(a,b){a.splice(0,b)}};var Gw=function(a){a=a.split(\"\");Fw.bk(a,11);Fw.bk(a,29);Fw.TY(a,3);Fw.bk(a,69);Fw.AU(a,36);Fw.TY(a,2);Fw.AU(a,22);return a.join(\"\")};function decrypt(a){return Gw(a);}"
jscode 
var Fw={AU:function(a){a.reverse()},bk:function(a,b){var c=a[0];a[0]=a[b%a.length];a[b%a.length]=c},TY:function(a,b){a.splice(0,b)}};var Gw=function(a){a=a.split("");Fw.bk(a,11);Fw.bk(a,29);Fw.TY(a,3);Fw.bk(a,69);Fw.AU(a,36);Fw.TY(a,2);Fw.AU(a,22);return a.join("")};function decrypt(a){return Gw(a);};decrypt("ROqbOq0QJ8wyQIgZzzKZOwnYduYPJbzvxzXypUJKvDEJrTh394ttfC4BekCIQD0hihl9xrYzALKynH5pgRNSbYJyy2Xl-dpmCUP-Lhqsw====")
JS result: AOq0QJ8wRQIgZzzKZOwnYduYPJyzvxzXypUJKvDEJrTh394ttfC4BekCIQD0hihl9xrYzbLKynH5pgRNSbYJyy2Xl-dpmCUP-Lhqsw==encrypted_sig: "ROqAOq0QJ8wUgIhAIXwqj_X_zBejoA2SH2JO1EZhUNiWgNJIPU00CGE1MX5AiEAnY_NNAgl2AWvP-V4NwEFQ7lrAzPZGpOAYnas-k9JEFo=o="
decryption_code "var Fw={AU:function(a){a.reverse()},bk:function(a,b){var c=a[0];a[0]=a[b%a.length];a[b%a.length]=c},TY:function(a,b){a.splice(0,b)}};var Gw=function(a){a=a.split(\"\");Fw.bk(a,11);Fw.bk(a,29);Fw.TY(a,3);Fw.bk(a,69);Fw.AU(a,36);Fw.TY(a,2);Fw.AU(a,22);return a.join(\"\")};function decrypt(a){return Gw(a);}"
jscode 
var Fw={AU:function(a){a.reverse()},bk:function(a,b){var c=a[0];a[0]=a[b%a.length];a[b%a.length]=c},TY:function(a,b){a.splice(0,b)}};var Gw=function(a){a=a.split("");Fw.bk(a,11);Fw.bk(a,29);Fw.TY(a,3);Fw.bk(a,69);Fw.AU(a,36);Fw.TY(a,2);Fw.AU(a,22);return a.join("")};function decrypt(a){return Gw(a);};decrypt("ROqAOq0QJ8wUgIhAIXwqj_X_zBejoA2SH2JO1EZhUNiWgNJIPU00CGE1MX5AiEAnY_NNAgl2AWvP-V4NwEFQ7lrAzPZGpOAYnas-k9JEFo=o=")
JS result: AOq0QJ8wRgIhAIXwqj_X_zBejoU2SH2JO1EZhUNiWgNJIPU00CGE1MX5AiEAnY_NNAgl2AWvP-V4NwEFQ7lrAzPZGpOAYnas-k9JEFo=encrypted_sig: "ROq_Oq0QJ8wsQIgbN7z5yKW1xFhpp_FEeFawcfcDNvzN6pIlgRF8441Fs0CIQDS_1AjB-Wh6AkDo8sS2phbOF2tgLAwLzShO6ofnGtPcA===="
decryption_code "var Fw={AU:function(a){a.reverse()},bk:function(a,b){var c=a[0];a[0]=a[b%a.length];a[b%a.length]=c},TY:function(a,b){a.splice(0,b)}};var Gw=function(a){a=a.split(\"\");Fw.bk(a,11);Fw.bk(a,29);Fw.TY(a,3);Fw.bk(a,69);Fw.AU(a,36);Fw.TY(a,2);Fw.AU(a,22);return a.join(\"\")};function decrypt(a){return Gw(a);}"
jscode 
var Fw={AU:function(a){a.reverse()},bk:function(a,b){var c=a[0];a[0]=a[b%a.length];a[b%a.length]=c},TY:function(a,b){a.splice(0,b)}};var Gw=function(a){a=a.split("");Fw.bk(a,11);Fw.bk(a,29);Fw.TY(a,3);Fw.bk(a,69);Fw.AU(a,36);Fw.TY(a,2);Fw.AU(a,22);return a.join("")};function decrypt(a){return Gw(a);};decrypt("ROq_Oq0QJ8wsQIgbN7z5yKW1xFhpp_FEeFawcfcDNvzN6pIlgRF8441Fs0CIQDS_1AjB-Wh6AkDo8sS2phbOF2tgLAwLzShO6ofnGtPcA====")
JS result: AOq0QJ8wRQIgbN7z5yKW1xFhppsFEeFawcfcDNvzN6pIlgRF8441Fs0CIQDS_1AjB-Wh6_kDo8sS2phbOF2tgLAwLzShO6ofnGtPcA==encrypted_sig: "ROq-Oq0QJ8wAQIhAJDkBKk4tAZo0r-2KwSfSiCkBZegg26VgqH6wCHT6qRbAiAwse7nLg8nyAcOHVqgg8p6HhKQgnLQ-eVoWIzgzOTBYQ===="
decryption_code "var Fw={AU:function(a){a.reverse()},bk:function(a,b){var c=a[0];a[0]=a[b%a.length];a[b%a.length]=c},TY:function(a,b){a.splice(0,b)}};var Gw=function(a){a=a.split(\"\");Fw.bk(a,11);Fw.bk(a,29);Fw.TY(a,3);Fw.bk(a,69);Fw.AU(a,36);Fw.TY(a,2);Fw.AU(a,22);return a.join(\"\")};function decrypt(a){return Gw(a);}"
jscode 
var Fw={AU:function(a){a.reverse()},bk:function(a,b){var c=a[0];a[0]=a[b%a.length];a[b%a.length]=c},TY:function(a,b){a.splice(0,b)}};var Gw=function(a){a=a.split("");Fw.bk(a,11);Fw.bk(a,29);Fw.TY(a,3);Fw.bk(a,69);Fw.AU(a,36);Fw.TY(a,2);Fw.AU(a,22);return a.join("")};function decrypt(a){return Gw(a);};decrypt("ROq-Oq0QJ8wAQIhAJDkBKk4tAZo0r-2KwSfSiCkBZegg26VgqH6wCHT6qRbAiAwse7nLg8nyAcOHVqgg8p6HhKQgnLQ-eVoWIzgzOTBYQ====")
JS result: AOq0QJ8wRQIhAJDkBKk4tAZo0rA2KwSfSiCkBZegg26VgqH6wCHT6qRbAiAwse7nLg8ny-cOHVqgg8p6HhKQgnLQ-eVoWIzgzOTBYQ==encrypted_sig: "ROqEOq0QJ8w7gIhAKNpexxOadaC_NEW53bbBRmWL5BKpAlXQZNj8j-ANx3DAiEA4IxaM8Bp_ABWf5iwPwUM3sgWyOtwrePOUnvg_jPTaDU=U="
decryption_code "var Fw={AU:function(a){a.reverse()},bk:function(a,b){var c=a[0];a[0]=a[b%a.length];a[b%a.length]=c},TY:function(a,b){a.splice(0,b)}};var Gw=function(a){a=a.split(\"\");Fw.bk(a,11);Fw.bk(a,29);Fw.TY(a,3);Fw.bk(a,69);Fw.AU(a,36);Fw.TY(a,2);Fw.AU(a,22);return a.join(\"\")};function decrypt(a){return Gw(a);}"
jscode 
var Fw={AU:function(a){a.reverse()},bk:function(a,b){var c=a[0];a[0]=a[b%a.length];a[b%a.length]=c},TY:function(a,b){a.splice(0,b)}};var Gw=function(a){a=a.split("");Fw.bk(a,11);Fw.bk(a,29);Fw.TY(a,3);Fw.bk(a,69);Fw.AU(a,36);Fw.TY(a,2);Fw.AU(a,22);return a.join("")};function decrypt(a){return Gw(a);};decrypt("ROqEOq0QJ8w7gIhAKNpexxOadaC_NEW53bbBRmWL5BKpAlXQZNj8j-ANx3DAiEA4IxaM8Bp_ABWf5iwPwUM3sgWyOtwrePOUnvg_jPTaDU=U=")
JS result: AOq0QJ8wRgIhAKNpexxOadaC_N7W53bbBRmWL5BKpAlXQZNj8j-ANx3DAiEA4IxaM8Bp_EBWf5iwPwUM3sgWyOtwrePOUnvg_jPTaDU=encrypted_sig: "ROq8Oq0QJ8wEAIgHa8EUNozWIftB28gzDX8djwEM7ZY1o17ufabpRmuUUUCIEVLHsI0vqXjaASYwNZrBLEsTqwgKnjwE4rTbIBBcVgege"
decryption_code "var Fw={AU:function(a){a.reverse()},bk:function(a,b){var c=a[0];a[0]=a[b%a.length];a[b%a.length]=c},TY:function(a,b){a.splice(0,b)}};var Gw=function(a){a=a.split(\"\");Fw.bk(a,11);Fw.bk(a,29);Fw.TY(a,3);Fw.bk(a,69);Fw.AU(a,36);Fw.TY(a,2);Fw.AU(a,22);return a.join(\"\")};function decrypt(a){return Gw(a);}"
jscode 
var Fw={AU:function(a){a.reverse()},bk:function(a,b){var c=a[0];a[0]=a[b%a.length];a[b%a.length]=c},TY:function(a,b){a.splice(0,b)}};var Gw=function(a){a=a.split("");Fw.bk(a,11);Fw.bk(a,29);Fw.TY(a,3);Fw.bk(a,69);Fw.AU(a,36);Fw.TY(a,2);Fw.AU(a,22);return a.join("")};function decrypt(a){return Gw(a);};decrypt("ROq8Oq0QJ8wEAIgHa8EUNozWIftB28gzDX8djwEM7ZY1o17ufabpRmuUUUCIEVLHsI0vqXjaASYwNZrBLEsTqwgKnjwE4rTbIBBcVgege")
JS result: AOq0QJ8wRAIgHa8EUNozWIftB2EgzDX8djwEM7ZY1o17ufabpRmuUUUCIEVLHsI0vqXja8SYwNZrBLEsTqwgKnjwE4rTbIBBcVgeVIDEO ONLY STREAMS 

[
    StreamItem {
        url: Some(
            "https://r6---sn-qxa7sn7z.googlevideo.com/videoplayback?expire=1591411155&ei=c63aXr-WFtSOvQSYiJZY&ip=113.193.220.168&id=o-AMnMDZ_VurDFEXk8O-61YX41L07kPK0kIc78XNWqbYYW&itag=136&aitags=133%2C134%2C135%2C136%2C137%2C160%2C242%2C243%2C244%2C247%2C248%2C278&source=youtube&requiressl=yes&mh=Ko&mm=31%2C26&mn=sn-qxa7sn7z%2Csn-cvh76nek&ms=au%2Conr&mv=m&mvi=5&pl=24&gcr=in&initcwndbps=593750&vprv=1&mime=video%2Fmp4&gir=yes&clen=1951166&dur=274.320&lmt=1575362033196820&mt=1591389456&fvip=1&keepalive=yes&c=WEB&txp=5432432&sparams=expire%2Cei%2Cip%2Cid%2Caitags%2Csource%2Crequiressl%2Cgcr%2Cvprv%2Cmime%2Cgir%2Cclen%2Cdur%2Clmt&lsparams=mh%2Cmm%2Cmn%2Cms%2Cmv%2Cmvi%2Cpl%2Cinitcwndbps&lsig=AG3C_xAwRQIhAPV-_T3bYifd6s-85oyfSH4bKmqGb-OgXSUAuAbExNzMAiBAXc1Jvl2IWowxoQ8Oq-lFcWAK62jyL24c72-FRJTcUQ%3D%3D&sig=AOq0QJ8wRQIhAKAjlZEZvevP2Tn38wKOloQbxQS_BDLEVCFGWbR_zNWHAiAsxd76EjdqDBhRCIYNEZ3O70sWSQozSfWvMqm3Z0cNhA==",
        ),
        itag: 136,
        approxDurationMs: "274320",
        audioChannels: None,
        audioQuality: None,
        audioSampleRate: None,
        averageBitrate: Some(
            56901,
        ),
        bitrate: 91891,
        contentLength: Some(
            "1951166",
        ),
        height: Some(
            720,
        ),
        width: Some(
            720,
        ),
        quality: "hd720",
        qualityLabel: Some(
            "720p",
        ),
        lastModified: "1575362033196820",
        mimeType: "video/mp4; codecs=\"avc1.4d401f\"",
    },
    StreamItem {
        url: Some(
            "https://r6---sn-qxa7sn7z.googlevideo.com/videoplayback?expire=1591411155&ei=c63aXr-WFtSOvQSYiJZY&ip=113.193.220.168&id=o-AMnMDZ_VurDFEXk8O-61YX41L07kPK0kIc78XNWqbYYW&itag=160&aitags=133%2C134%2C135%2C136%2C137%2C160%2C242%2C243%2C244%2C247%2C248%2C278&source=youtube&requiressl=yes&mh=Ko&mm=31%2C26&mn=sn-qxa7sn7z%2Csn-cvh76nek&ms=au%2Conr&mv=m&mvi=5&pl=24&gcr=in&initcwndbps=593750&vprv=1&mime=video%2Fmp4&gir=yes&clen=338315&dur=274.320&lmt=1575362735112557&mt=1591389456&fvip=1&keepalive=yes&c=WEB&txp=5432432&sparams=expire%2Cei%2Cip%2Cid%2Caitags%2Csource%2Crequiressl%2Cgcr%2Cvprv%2Cmime%2Cgir%2Cclen%2Cdur%2Clmt&lsparams=mh%2Cmm%2Cmn%2Cms%2Cmv%2Cmvi%2Cpl%2Cinitcwndbps&lsig=AG3C_xAwRQIhAPLKioEtLrwMSYkoxezRmLENSYugFnb_vnDdsgp8ctlsAiBqsnYwfpRZycFZajwk0dFCUAyzouULQMEloZfDNPQ4_A%3D%3D&sig=AOq0QJ8wRQIgZzzKZOwnYduYPJyzvxzXypUJKvDEJrTh394ttfC4BekCIQD0hihl9xrYzbLKynH5pgRNSbYJyy2Xl-dpmCUP-Lhqsw==",
        ),
        itag: 160,
        approxDurationMs: "274320",
        audioChannels: None,
        audioQuality: None,
        audioSampleRate: None,
        averageBitrate: Some(
            9866,
        ),
        bitrate: 13270,
        contentLength: Some(
            "338315",
        ),
        height: Some(
            144,
        ),
        width: Some(
            144,
        ),
        quality: "tiny",
        qualityLabel: Some(
            "144p",
        ),
        lastModified: "1575362735112557",
        mimeType: "video/mp4; codecs=\"avc1.4d400b\"",
    },
    StreamItem {
        url: Some(
            "https://r6---sn-qxa7sn7z.googlevideo.com/videoplayback?expire=1591411155&ei=c63aXr-WFtSOvQSYiJZY&ip=113.193.220.168&id=o-AMnMDZ_VurDFEXk8O-61YX41L07kPK0kIc78XNWqbYYW&itag=278&aitags=133%2C134%2C135%2C136%2C137%2C160%2C242%2C243%2C244%2C247%2C248%2C278&source=youtube&requiressl=yes&mh=Ko&mm=31%2C26&mn=sn-qxa7sn7z%2Csn-cvh76nek&ms=au%2Conr&mv=m&mvi=5&pl=24&gcr=in&initcwndbps=593750&vprv=1&mime=video%2Fwebm&gir=yes&clen=843904&dur=274.320&lmt=1575362046450964&mt=1591389456&fvip=1&keepalive=yes&c=WEB&txp=5431432&sparams=expire%2Cei%2Cip%2Cid%2Caitags%2Csource%2Crequiressl%2Cgcr%2Cvprv%2Cmime%2Cgir%2Cclen%2Cdur%2Clmt&lsparams=mh%2Cmm%2Cmn%2Cms%2Cmv%2Cmvi%2Cpl%2Cinitcwndbps&lsig=AG3C_xAwRAIgZnL0NrzyCm2stsUH-WVWoN3vHokqFQYH3Go8jwnCVskCIBxEtqafo4hoB_3bVlEdi2-N1cZ2OXpLxX71MecMFB00&sig=AOq0QJ8wRgIhAIXwqj_X_zBejoU2SH2JO1EZhUNiWgNJIPU00CGE1MX5AiEAnY_NNAgl2AWvP-V4NwEFQ7lrAzPZGpOAYnas-k9JEFo=",
        ),
        itag: 278,
        approxDurationMs: "274320",
        audioChannels: None,
        audioQuality: None,
        audioSampleRate: None,
        averageBitrate: Some(
            24610,
        ),
        bitrate: 32832,
        contentLength: Some(
            "843904",
        ),
        height: Some(
            144,
        ),
        width: Some(
            144,
        ),
        quality: "tiny",
        qualityLabel: Some(
            "144p",
        ),
        lastModified: "1575362046450964",
        mimeType: "video/webm; codecs=\"vp9\"",
    },
    StreamItem {
        url: Some(
            "https://r6---sn-qxa7sn7z.googlevideo.com/videoplayback?expire=1591411155&ei=c63aXr-WFtSOvQSYiJZY&ip=113.193.220.168&id=o-AMnMDZ_VurDFEXk8O-61YX41L07kPK0kIc78XNWqbYYW&itag=247&aitags=133%2C134%2C135%2C136%2C137%2C160%2C242%2C243%2C244%2C247%2C248%2C278&source=youtube&requiressl=yes&mh=Ko&mm=31%2C26&mn=sn-qxa7sn7z%2Csn-cvh76nek&ms=au%2Conr&mv=m&mvi=5&pl=24&gcr=in&initcwndbps=593750&vprv=1&mime=video%2Fwebm&gir=yes&clen=5625944&dur=274.320&lmt=1575362045844309&mt=1591389456&fvip=1&keepalive=yes&c=WEB&txp=5431432&sparams=expire%2Cei%2Cip%2Cid%2Caitags%2Csource%2Crequiressl%2Cgcr%2Cvprv%2Cmime%2Cgir%2Cclen%2Cdur%2Clmt&lsparams=mh%2Cmm%2Cmn%2Cms%2Cmv%2Cmvi%2Cpl%2Cinitcwndbps&lsig=AG3C_xAwRQIgXFmj0JdD3M6vXDydjfSIpQUQzVI4ZEPU9TYLO0DIKlQCIQCUnCTbt_-B0PEVli2qIMpNNYotZuiMDlEJ7_-s79dU_w%3D%3D&sig=AOq0QJ8wRQIgKk_-gv86EgFcGL3RSznJLcLdHWr9sFxqzJ46xhHPm3sCIQCVjpIa2-vki4NojU4BBvdzk-YKGCeyHaPui3XBoIQWlQ==",
        ),
        itag: 247,
        approxDurationMs: "274320",
        audioChannels: None,
        audioQuality: None,
        audioSampleRate: None,
        averageBitrate: Some(
            164069,
        ),
        bitrate: 276329,
        contentLength: Some(
            "5625944",
        ),
        height: Some(
            720,
        ),
        width: Some(
            720,
        ),
        quality: "hd720",
        qualityLabel: Some(
            "720p",
        ),
        lastModified: "1575362045844309",
        mimeType: "video/webm; codecs=\"vp9\"",
    },
    StreamItem {
        url: Some(
            "https://r6---sn-qxa7sn7z.googlevideo.com/videoplayback?expire=1591411155&ei=c63aXr-WFtSOvQSYiJZY&ip=113.193.220.168&id=o-AMnMDZ_VurDFEXk8O-61YX41L07kPK0kIc78XNWqbYYW&itag=135&aitags=133%2C134%2C135%2C136%2C137%2C160%2C242%2C243%2C244%2C247%2C248%2C278&source=youtube&requiressl=yes&mh=Ko&mm=31%2C26&mn=sn-qxa7sn7z%2Csn-cvh76nek&ms=au%2Conr&mv=m&mvi=5&pl=24&gcr=in&initcwndbps=593750&vprv=1&mime=video%2Fmp4&gir=yes&clen=1271761&dur=274.320&lmt=1575362027896402&mt=1591389456&fvip=1&keepalive=yes&c=WEB&txp=5432432&sparams=expire%2Cei%2Cip%2Cid%2Caitags%2Csource%2Crequiressl%2Cgcr%2Cvprv%2Cmime%2Cgir%2Cclen%2Cdur%2Clmt&lsparams=mh%2Cmm%2Cmn%2Cms%2Cmv%2Cmvi%2Cpl%2Cinitcwndbps&lsig=AG3C_xAwRQIhAM2mvNOCyBP83SPMHuULjtOSTIwNyQra2lSHCSE-O5FpAiAgxplWm3BjnI8S6u1RjcFnZKuI-jodOtDnLdz9FNhjMw%3D%3D&sig=AOq0QJ8wRAIgFSNdRW66o4LY11G2pyUPEb_fBWkLVXXY6P__YYzi5CQCIAGPIpVb8SVMV7pO0fk5QT5dg4w-G-IktBPNmVbT62_P",
        ),
        itag: 135,
        approxDurationMs: "274320",
        audioChannels: None,
        audioQuality: None,
        audioSampleRate: None,
        averageBitrate: Some(
            37088,
        ),
        bitrate: 59129,
        contentLength: Some(
            "1271761",
        ),
        height: Some(
            480,
        ),
        width: Some(
            480,
        ),
        quality: "large",
        qualityLabel: Some(
            "480p",
        ),
        lastModified: "1575362027896402",
        mimeType: "video/mp4; codecs=\"avc1.4d401e\"",
    },
    StreamItem {
        url: Some(
            "https://r6---sn-qxa7sn7z.googlevideo.com/videoplayback?expire=1591411155&ei=c63aXr-WFtSOvQSYiJZY&ip=113.193.220.168&id=o-AMnMDZ_VurDFEXk8O-61YX41L07kPK0kIc78XNWqbYYW&itag=137&aitags=133%2C134%2C135%2C136%2C137%2C160%2C242%2C243%2C244%2C247%2C248%2C278&source=youtube&requiressl=yes&mh=Ko&mm=31%2C26&mn=sn-qxa7sn7z%2Csn-cvh76nek&ms=au%2Conr&mv=m&mvi=5&pl=24&gcr=in&initcwndbps=593750&vprv=1&mime=video%2Fmp4&gir=yes&clen=2810883&dur=274.320&lmt=1575362041310760&mt=1591389456&fvip=1&keepalive=yes&c=WEB&txp=5432432&sparams=expire%2Cei%2Cip%2Cid%2Caitags%2Csource%2Crequiressl%2Cgcr%2Cvprv%2Cmime%2Cgir%2Cclen%2Cdur%2Clmt&lsparams=mh%2Cmm%2Cmn%2Cms%2Cmv%2Cmvi%2Cpl%2Cinitcwndbps&lsig=AG3C_xAwRQIgZn3kZp2cEkz71pNLrXjyituuvYzFAlJJKRfEyCHpM0QCIQCe4SYggCixR6h3uAD8Z7vEM_C3sudc3lo81O-dPszkjA%3D%3D&sig=AOq0QJ8wRAIgU-S6dh211GnnWOkveqDTbAaoqJYM-S1tp6GmwCLWq2ECIEv35LUNkewixjTqkYAPw9-_iEM3X07m6eBcTY-LSE0z",
        ),
        itag: 137,
        approxDurationMs: "274320",
        audioChannels: None,
        audioQuality: None,
        audioSampleRate: None,
        averageBitrate: Some(
            81973,
        ),
        bitrate: 132470,
        contentLength: Some(
            "2810883",
        ),
        height: Some(
            1080,
        ),
        width: Some(
            1080,
        ),
        quality: "hd1080",
        qualityLabel: Some(
            "1080p",
        ),
        lastModified: "1575362041310760",
        mimeType: "video/mp4; codecs=\"avc1.640020\"",
    },
    StreamItem {
        url: Some(
            "https://r6---sn-qxa7sn7z.googlevideo.com/videoplayback?expire=1591411155&ei=c63aXr-WFtSOvQSYiJZY&ip=113.193.220.168&id=o-AMnMDZ_VurDFEXk8O-61YX41L07kPK0kIc78XNWqbYYW&itag=244&aitags=133%2C134%2C135%2C136%2C137%2C160%2C242%2C243%2C244%2C247%2C248%2C278&source=youtube&requiressl=yes&mh=Ko&mm=31%2C26&mn=sn-qxa7sn7z%2Csn-cvh76nek&ms=au%2Conr&mv=m&mvi=5&pl=24&gcr=in&initcwndbps=593750&vprv=1&mime=video%2Fwebm&gir=yes&clen=3286205&dur=274.320&lmt=1575362326381298&mt=1591389456&fvip=1&keepalive=yes&c=WEB&txp=5431432&sparams=expire%2Cei%2Cip%2Cid%2Caitags%2Csource%2Crequiressl%2Cgcr%2Cvprv%2Cmime%2Cgir%2Cclen%2Cdur%2Clmt&lsparams=mh%2Cmm%2Cmn%2Cms%2Cmv%2Cmvi%2Cpl%2Cinitcwndbps&lsig=AG3C_xAwRgIhAMjfBjoP59sKb7j5OBbDK9T09g40k3L8_HwFivXhq8dBAiEA7mneLDsnrhubnJyeCn0FQ_JmFBwyUcrFR4ti2WgH9v0%3D&sig=AOq0QJ8wRQIhAJa8aGCVPUWT2vyWXJr-Kxp6EzYgxMVcaKlAS25C8x5zAiB99M937Xtu__EeUYoCxt2o0vmm1ZNID7Ur0H4y4Ea2UA==",
        ),
        itag: 244,
        approxDurationMs: "274320",
        audioChannels: None,
        audioQuality: None,
        audioSampleRate: None,
        averageBitrate: Some(
            95835,
        ),
        bitrate: 161121,
        contentLength: Some(
            "3286205",
        ),
        height: Some(
            480,
        ),
        width: Some(
            480,
        ),
        quality: "large",
        qualityLabel: Some(
            "480p",
        ),
        lastModified: "1575362326381298",
        mimeType: "video/webm; codecs=\"vp9\"",
    },
    StreamItem {
        url: Some(
            "https://r6---sn-qxa7sn7z.googlevideo.com/videoplayback?expire=1591411155&ei=c63aXr-WFtSOvQSYiJZY&ip=113.193.220.168&id=o-AMnMDZ_VurDFEXk8O-61YX41L07kPK0kIc78XNWqbYYW&itag=242&aitags=133%2C134%2C135%2C136%2C137%2C160%2C242%2C243%2C244%2C247%2C248%2C278&source=youtube&requiressl=yes&mh=Ko&mm=31%2C26&mn=sn-qxa7sn7z%2Csn-cvh76nek&ms=au%2Conr&mv=m&mvi=5&pl=24&gcr=in&initcwndbps=593750&vprv=1&mime=video%2Fwebm&gir=yes&clen=1515082&dur=274.320&lmt=1575362032409020&mt=1591389456&fvip=1&keepalive=yes&c=WEB&txp=5431432&sparams=expire%2Cei%2Cip%2Cid%2Caitags%2Csource%2Crequiressl%2Cgcr%2Cvprv%2Cmime%2Cgir%2Cclen%2Cdur%2Clmt&lsparams=mh%2Cmm%2Cmn%2Cms%2Cmv%2Cmvi%2Cpl%2Cinitcwndbps&lsig=AG3C_xAwRQIhAJdDwouHR4SEluRhH6QOGV1uLg7tLJT8KXAREnamdBWNAiARerAlvGitNd9JvQWQHjRMNHvz6poXXxAHYquLt-HfCQ%3D%3D&sig=AOq0QJ8wRgIhAKBrQkXdspt6HeTNT22292NkovnEliqc0RM0uKIZJDpwAiEAio-2ciHnMYOgjdld9t1UoAVfMB6RotbiPppGwILbt6Q=",
        ),
        itag: 242,
        approxDurationMs: "274320",
        audioChannels: None,
        audioQuality: None,
        audioSampleRate: None,
        averageBitrate: Some(
            44184,
        ),
        bitrate: 72724,
        contentLength: Some(
            "1515082",
        ),
        height: Some(
            240,
        ),
        width: Some(
            240,
        ),
        quality: "small",
        qualityLabel: Some(
            "240p",
        ),
        lastModified: "1575362032409020",
        mimeType: "video/webm; codecs=\"vp9\"",
    },
    StreamItem {
        url: Some(
            "https://r6---sn-qxa7sn7z.googlevideo.com/videoplayback?expire=1591411155&ei=c63aXr-WFtSOvQSYiJZY&ip=113.193.220.168&id=o-AMnMDZ_VurDFEXk8O-61YX41L07kPK0kIc78XNWqbYYW&itag=133&aitags=133%2C134%2C135%2C136%2C137%2C160%2C242%2C243%2C244%2C247%2C248%2C278&source=youtube&requiressl=yes&mh=Ko&mm=31%2C26&mn=sn-qxa7sn7z%2Csn-cvh76nek&ms=au%2Conr&mv=m&mvi=5&pl=24&gcr=in&initcwndbps=593750&vprv=1&mime=video%2Fmp4&gir=yes&clen=485329&dur=274.320&lmt=1575362034702934&mt=1591389456&fvip=1&keepalive=yes&c=WEB&txp=5432432&sparams=expire%2Cei%2Cip%2Cid%2Caitags%2Csource%2Crequiressl%2Cgcr%2Cvprv%2Cmime%2Cgir%2Cclen%2Cdur%2Clmt&lsparams=mh%2Cmm%2Cmn%2Cms%2Cmv%2Cmvi%2Cpl%2Cinitcwndbps&lsig=AG3C_xAwRQIhAKJ7bPD_uP4pFNuwSdWP67EnP5PT9x0HbfJTJcMJG98TAiBbgSmsuVq580iuZajxXRz6YhZHULGAxcOR7cu_btng0A%3D%3D&sig=AOq0QJ8wRQIgSJZtPWq7avUL2CaGgvKQEwsU3FXJD-ikg80kWM4UdvQCIQCXVpL8fkYpHEFRVHs0o6UKjj4bEvxdWjEhwllDlmHEkg==",
        ),
        itag: 133,
        approxDurationMs: "274320",
        audioChannels: None,
        audioQuality: None,
        audioSampleRate: None,
        averageBitrate: Some(
            14153,
        ),
        bitrate: 20200,
        contentLength: Some(
            "485329",
        ),
        height: Some(
            240,
        ),
        width: Some(
            240,
        ),
        quality: "small",
        qualityLabel: Some(
            "240p",
        ),
        lastModified: "1575362034702934",
        mimeType: "video/mp4; codecs=\"avc1.4d400c\"",
    },
    StreamItem {
        url: Some(
            "https://r6---sn-qxa7sn7z.googlevideo.com/videoplayback?expire=1591411155&ei=c63aXr-WFtSOvQSYiJZY&ip=113.193.220.168&id=o-AMnMDZ_VurDFEXk8O-61YX41L07kPK0kIc78XNWqbYYW&itag=134&aitags=133%2C134%2C135%2C136%2C137%2C160%2C242%2C243%2C244%2C247%2C248%2C278&source=youtube&requiressl=yes&mh=Ko&mm=31%2C26&mn=sn-qxa7sn7z%2Csn-cvh76nek&ms=au%2Conr&mv=m&mvi=5&pl=24&gcr=in&initcwndbps=593750&vprv=1&mime=video%2Fmp4&gir=yes&clen=839313&dur=274.320&lmt=1575362030810718&mt=1591389456&fvip=1&keepalive=yes&c=WEB&txp=5432432&sparams=expire%2Cei%2Cip%2Cid%2Caitags%2Csource%2Crequiressl%2Cgcr%2Cvprv%2Cmime%2Cgir%2Cclen%2Cdur%2Clmt&lsparams=mh%2Cmm%2Cmn%2Cms%2Cmv%2Cmvi%2Cpl%2Cinitcwndbps&lsig=AG3C_xAwRQIgJ0_03-JG7vgkbSkEmfX9nlOtQPFOq_Mk9wjLwPnY86QCIQDMGm_PU9s5XsrfKFJcX0puTFQafIgoRp0_UL0L_y0F1g%3D%3D&sig=AOq0QJ8wRgIhAN5-2QpXnCXLdpfHtvhphn1iAwTBCDbwwwRC9I2tCUyAAiEAkkhidkioPWk1VkDv_zLuilNNdO_rzoCf0eXmd1FOF3E=",
        ),
        itag: 134,
        approxDurationMs: "274320",
        audioChannels: None,
        audioQuality: None,
        audioSampleRate: None,
        averageBitrate: Some(
            24476,
        ),
        bitrate: 37243,
        contentLength: Some(
            "839313",
        ),
        height: Some(
            360,
        ),
        width: Some(
            360,
        ),
        quality: "medium",
        qualityLabel: Some(
            "360p",
        ),
        lastModified: "1575362030810718",
        mimeType: "video/mp4; codecs=\"avc1.4d4015\"",
    },
    StreamItem {
        url: Some(
            "https://r6---sn-qxa7sn7z.googlevideo.com/videoplayback?expire=1591411155&ei=c63aXr-WFtSOvQSYiJZY&ip=113.193.220.168&id=o-AMnMDZ_VurDFEXk8O-61YX41L07kPK0kIc78XNWqbYYW&itag=243&aitags=133%2C134%2C135%2C136%2C137%2C160%2C242%2C243%2C244%2C247%2C248%2C278&source=youtube&requiressl=yes&mh=Ko&mm=31%2C26&mn=sn-qxa7sn7z%2Csn-cvh76nek&ms=au%2Conr&mv=m&mvi=5&pl=24&gcr=in&initcwndbps=593750&vprv=1&mime=video%2Fwebm&gir=yes&clen=2237797&dur=274.320&lmt=1575362037117274&mt=1591389456&fvip=1&keepalive=yes&c=WEB&txp=5431432&sparams=expire%2Cei%2Cip%2Cid%2Caitags%2Csource%2Crequiressl%2Cgcr%2Cvprv%2Cmime%2Cgir%2Cclen%2Cdur%2Clmt&lsparams=mh%2Cmm%2Cmn%2Cms%2Cmv%2Cmvi%2Cpl%2Cinitcwndbps&lsig=AG3C_xAwRAIgFe39awNvwGOXc4qkXu0rUuNh4GdI1R5hirHkq6UELIgCIBMcLs3Mskwvy6evHwBjijq6AeRkQGQ3r9NLLmHpJadr&sig=AOq0QJ8wRgIhAMQ4lkmiNlMrfQHWZZ-gGPwnZSBu5sTP_EH-nF4--DnaAiEA0BAuvToEKuHRurBrBmP9_rjvs-OsHFPmVwrqYD1LXC0=",
        ),
        itag: 243,
        approxDurationMs: "274320",
        audioChannels: None,
        audioQuality: None,
        audioSampleRate: None,
        averageBitrate: Some(
            65260,
        ),
        bitrate: 108927,
        contentLength: Some(
            "2237797",
        ),
        height: Some(
            360,
        ),
        width: Some(
            360,
        ),
        quality: "medium",
        qualityLabel: Some(
            "360p",
        ),
        lastModified: "1575362037117274",
        mimeType: "video/webm; codecs=\"vp9\"",
    },
    StreamItem {
        url: Some(
            "https://r6---sn-qxa7sn7z.googlevideo.com/videoplayback?expire=1591411155&ei=c63aXr-WFtSOvQSYiJZY&ip=113.193.220.168&id=o-AMnMDZ_VurDFEXk8O-61YX41L07kPK0kIc78XNWqbYYW&itag=248&aitags=133%2C134%2C135%2C136%2C137%2C160%2C242%2C243%2C244%2C247%2C248%2C278&source=youtube&requiressl=yes&mh=Ko&mm=31%2C26&mn=sn-qxa7sn7z%2Csn-cvh76nek&ms=au%2Conr&mv=m&mvi=5&pl=24&gcr=in&initcwndbps=593750&vprv=1&mime=video%2Fwebm&gir=yes&clen=9178836&dur=274.320&lmt=1575362056094150&mt=1591389456&fvip=1&keepalive=yes&c=WEB&txp=5431432&sparams=expire%2Cei%2Cip%2Cid%2Caitags%2Csource%2Crequiressl%2Cgcr%2Cvprv%2Cmime%2Cgir%2Cclen%2Cdur%2Clmt&lsparams=mh%2Cmm%2Cmn%2Cms%2Cmv%2Cmvi%2Cpl%2Cinitcwndbps&lsig=AG3C_xAwRQIgA2elm947VFLW6w5O7F8RtEM1zGoeHbMPmiBL-OIh5c4CIQDEC8asQReU3IzN8h4YXyTHGJ3UGnvY3h8QDlkzWNQqvQ%3D%3D&sig=AOq0QJ8wRQIgDmimShw38DtomxWRu2iTSwMR2D5u0__WNnb-ZDKyH50CIQDRYXnHXJaoG9cRUfNYJbW_qVwV7xzWSQQc2kDy9xE2JQ==",
        ),
        itag: 248,
        approxDurationMs: "274320",
        audioChannels: None,
        audioQuality: None,
        audioSampleRate: None,
        averageBitrate: Some(
            267682,
        ),
        bitrate: 453789,
        contentLength: Some(
            "9178836",
        ),
        height: Some(
            1080,
        ),
        width: Some(
            1080,
        ),
        quality: "hd1080",
        qualityLabel: Some(
            "1080p",
        ),
        lastModified: "1575362056094150",
        mimeType: "video/webm; codecs=\"vp9\"",
    },
]

THUMBNAILS
Ok(
    [
        Thumbnail {
            url: "https://i.ytimg.com/vi/8SfbFwMpsRw/hqdefault.jpg?sqp=-oaymwEiCKgBEF5IWvKriqkDFQgBFQAAAAAYASUAAMhCPQCAokN4AQ==&rs=AOn4CLChtegCk8OFy6EtOJYRhZ0ulT9ADw",
            width: 168,
            height: 94,
        },
        Thumbnail {
            url: "https://i.ytimg.com/vi/8SfbFwMpsRw/hqdefault.jpg?sqp=-oaymwEiCMQBEG5IWvKriqkDFQgBFQAAAAAYASUAAMhCPQCAokN4AQ==&rs=AOn4CLDw6AoS8RjFl6mHkVKYd3-3CJhS3g",
            width: 196,
            height: 110,
        },
        Thumbnail {
            url: "https://i.ytimg.com/vi/8SfbFwMpsRw/hqdefault.jpg?sqp=-oaymwEjCPYBEIoBSFryq4qpAxUIARUAAAAAGAElAADIQj0AgKJDeAE=&rs=AOn4CLCAQYv0j8WII0sK2yA92tmYS1_g-w",
            width: 246,
            height: 138,
        },
        Thumbnail {
            url: "https://i.ytimg.com/vi/8SfbFwMpsRw/hqdefault.jpg?sqp=-oaymwEjCNACELwBSFryq4qpAxUIARUAAAAAGAElAADIQj0AgKJDeAE=&rs=AOn4CLAuB9BOtmouHrEjo4UE1hyQt084aA",
            width: 336,
            height: 188,
        },
        Thumbnail {
            url: "https://i.ytimg.com/vi/8SfbFwMpsRw/maxresdefault.jpg",
            width: 1920,
            height: 1080,
        },
    ],
)

METADATA
title: Ok(
    "Still Alive",
)
description:
Ok(
    (
        "Provided to YouTube by E.A.R.S. (EA Recordings)\n\nStill Alive · Lisa Miskovsky\n\nStill Alive (The Theme From Mirror\'s Edge)\n\n℗ 2009 Electronic Arts Music\n\nAuto-generated by YouTube.",
        true,
    ),
)
duration: Ok(
    274,
)
views: Ok(
    236126,
)
likes: Ok(
    4605,
)
dislikes: Ok(
    151,
)
uploader url: Ok(
    "https://www.youtube.com/channel/UCJ7BbmrAxduAF6K-EdW77gg",
)
uploader name: Ok(
    "Lisa Miskovsky - Topic",
)
uploader thumbnails:
 Ok(
    [
        Thumbnail {
            url: "https://yt3.ggpht.com/e_tX1w3GnbSAwjK82HANkZjACjEs5i5vGlTtK8WiLTP2Uop8eJZHS6JnmuSdN3b22Ar6zJvNbxw=s48-c-k-c0xffffffff-no-nd-rj",
            width: 48,
            height: 48,
        },
        Thumbnail {
            url: "https://yt3.ggpht.com/e_tX1w3GnbSAwjK82HANkZjACjEs5i5vGlTtK8WiLTP2Uop8eJZHS6JnmuSdN3b22Ar6zJvNbxw=s88-c-k-c0xffffffff-no-nd-rj",
            width: 88,
            height: 88,
        },
        Thumbnail {
            url: "https://yt3.ggpht.com/e_tX1w3GnbSAwjK82HANkZjACjEs5i5vGlTtK8WiLTP2Uop8eJZHS6JnmuSdN3b22Ar6zJvNbxw=s176-c-k-c0xffffffff-no-nd-rj",
            width: 176,
            height: 176,
        },
    ],
)
